// 重构日志: 6b835b4c
// 重构日志: bdf81baf
// 重构日志: 08af90e7
// 重构日志: 095ac60f
// 重构日志: d52923a7
// 重构日志: 0595c9c1
// 重构日志: 402bb656
// 重构日志: 747d1898
// 重构日志: d2ff3341
// 同步 ID: b6cf09b6 @ Sun Jul 19 15:40:41 UTC 2026
// 重构日志: 87c71f07
// 重构日志: def6bdad
// 重构日志: a56eb56e
// 重构日志: 5c8250bd
// 重构日志: f6037f60
// 同步 ID: fdf96603 @ Fri Jul 31 16:24:07 UTC 2026
// 同步 ID: 6dbde9ea @ Sat Aug  1 07:03:46 UTC 2026
// 重构日志: 275972eb
// 同步 ID: 9409f769 @ Sun Aug  2 13:43:05 UTC 2026
// 重构日志: 7b156bc1
// 同步 ID: ddd9a3e5 @ Thu Aug  6 09:05:39 UTC 2026
// 重构日志: 7d4797de
// 同步 ID: a5ec737a @ Fri Aug  7 10:53:36 UTC 2026
// 重构日志: f1a39f33
// 重构日志: 38f5a6be
// 重构日志: 2cdcccdd
// 同步 ID: 5bbc619b @ Sat Aug  8 15:35:09 UTC 2026
